 DGVOODOO

 Timestamp is 4299c851 (Sun May 29 15:49:05 2005)

 Preferred load address is 10000000

 Start         Length     Name                   Class
 0001:00000000 00000580H _LDATA                  CODE
 0001:00000580 00001a71H _LTEXT                  CODE

  Address         Publics by Value              Rva+Base     Lib:Object

 0001:00000000       DGVOODOO_DDB               10001000     dgvoodoo.obj
 0001:0000138f       SERVERHOOKENABLELOCALTRAPPING 1000238f f   dgvoodoo.obj
 0001:000013c9       SERVERHOOKDISABLELOCALTRAPPING 100023c9 f   dgvoodoo.obj
 0001:000015d7       DGVOODOOCONTROL            100025d7 f   dgvoodoo.obj
 0001:00001636       VXD_INIT_DYNAMIC           10002636 f   dgvoodoo.obj
 0001:00001698       VXD_INIT_STATIC            10002698 f   dgvoodoo.obj
 0001:00001701       VXD_EXIT                   10002701 f   dgvoodoo.obj
 0001:00001757       SERVERCALLER               10002757 f   dgvoodoo.obj
 0001:00001875       PROCESSCALL                10002875 f   dgvoodoo.obj
 0001:00001dba       SERVERHOOKENDV86APP        10002dba f   dgvoodoo.obj
 0001:00001e08       SERVERHOOKBEGINV86APP      10002e08 f   dgvoodoo.obj
 0001:00001e44       SERVERHOOKFKI              10002e44 f   dgvoodoo.obj

 entry point at        0000:00000000

 Static symbols

 0001:00001ec6       KBDRESTRICTEDCALL          10002ec6 f   dgvoodoo.obj
 0001:00000797       SERVER_VESA_SUPPORT        10001797 f   dgvoodoo.obj
 0001:00001d2c       SUSPENDEVENT               10002d2c f   dgvoodoo.obj
 0001:00001c6e       SERVERWAKEUPVM             10002c6e f   dgvoodoo.obj
 0001:00000050       $$$00001                   10001050 f   dgvoodoo.obj
 0001:00000580       $$$00002                   10001580 f   dgvoodoo.obj
 0001:00001387       $$$00003                   10002387 f   dgvoodoo.obj
 0001:000013c1       $$$00005                   100023c1 f   dgvoodoo.obj
 0001:000013c1       $$$00006                   100023c1 f   dgvoodoo.obj
 0001:000013c1       $$$00007                   100023c1 f   dgvoodoo.obj
 0001:000013fb       $$$00009                   100023fb f   dgvoodoo.obj
 0001:000013fb       $$$00010                   100023fb f   dgvoodoo.obj
 0001:0000091d       RETURNVBECONTROLLERINFO    1000191d f   dgvoodoo.obj
 0001:00000a7e       RETURNVBEMODEINFO          10001a7e f   dgvoodoo.obj
 0001:00000bd1       SETVBEMODE                 10001bd1 f   dgvoodoo.obj
 0001:00000d03       RETURNCURRENTVBEMODE       10001d03 f   dgvoodoo.obj
 0001:00000d1e       VBESAVERESTORESTATE        10001d1e f   dgvoodoo.obj
 0001:00000dca       DISPLAYWINDOWCONTROL       10001dca f   dgvoodoo.obj
 0001:00000e05       SETGETLOGICALSCANLINELENGTH 10001e05 f   dgvoodoo.obj
 0001:00000eb1       SETGETDISPLAYSTART         10001eb1 f   dgvoodoo.obj
 0001:00000f43       SETGETDACPALFORMAT         10001f43 f   dgvoodoo.obj
 0001:00000f87       SETGETPALETTEDATA          10001f87 f   dgvoodoo.obj
 0001:0000106a       RETURNVBEPROTECTEDMODEINTERFACE 1000206a f   dgvoodoo.obj
 0001:000010aa       SETVBEMODE13H              100020aa f   dgvoodoo.obj
 0001:000010ec       VGAPORTHANDLER_3C0         100020ec f   dgvoodoo.obj
 0001:000010f8       VGAPORTHANDLER_3C1         100020f8 f   dgvoodoo.obj
 0001:00001104       VGAPORTHANDLER_3C2         10002104 f   dgvoodoo.obj
 0001:00001110       VGAPORTHANDLER_3C3         10002110 f   dgvoodoo.obj
 0001:0000111c       VGAPORTHANDLER_3C4         1000211c f   dgvoodoo.obj
 0001:00001128       VGAPORTHANDLER_3C5         10002128 f   dgvoodoo.obj
 0001:00001134       VGAPORTHANDLER_3C6         10002134 f   dgvoodoo.obj
 0001:00001140       VGAPORTHANDLER_3C7         10002140 f   dgvoodoo.obj
 0001:00001174       VGAPORTHANDLER_3C8         10002174 f   dgvoodoo.obj
 0001:000011a8       VGAPORTHANDLER_3C9         100021a8 f   dgvoodoo.obj
 0001:00001252       VGAPORTHANDLER_3CA         10002252 f   dgvoodoo.obj
 0001:0000125e       VGAPORTHANDLER_3CB         1000225e f   dgvoodoo.obj
 0001:0000126a       VGAPORTHANDLER_3CC         1000226a f   dgvoodoo.obj
 0001:00001276       VGAPORTHANDLER_3CD         10002276 f   dgvoodoo.obj
 0001:00001282       VGAPORTHANDLER_3CE         10002282 f   dgvoodoo.obj
 0001:0000128e       VGAPORTHANDLER_3CF         1000228e f   dgvoodoo.obj
 0001:0000129a       VGAPORTHANDLER_3D0         1000229a f   dgvoodoo.obj
 0001:000012a6       VGAPORTHANDLER_3D1         100022a6 f   dgvoodoo.obj
 0001:000012b2       VGAPORTHANDLER_3D2         100022b2 f   dgvoodoo.obj
 0001:000012be       VGAPORTHANDLER_3D3         100022be f   dgvoodoo.obj
 0001:000012ca       VGAPORTHANDLER_3D4         100022ca f   dgvoodoo.obj
 0001:000012d6       VGAPORTHANDLER_3D5         100022d6 f   dgvoodoo.obj
 0001:000012e2       VGAPORTHANDLER_3D6         100022e2 f   dgvoodoo.obj
 0001:000012eb       VGAPORTHANDLER_3D7         100022eb f   dgvoodoo.obj
 0001:000012f4       VGAPORTHANDLER_3D8         100022f4 f   dgvoodoo.obj
 0001:000012fd       VGAPORTHANDLER_3D9         100022fd f   dgvoodoo.obj
 0001:00001306       VGAPORTHANDLER_3DA         10002306 f   dgvoodoo.obj
 0001:0000133b       VGAPORTHANDLER_3DB         1000233b f   dgvoodoo.obj
 0001:00001344       VGAPORTHANDLER_3DC         10002344 f   dgvoodoo.obj
 0001:0000134d       VGAPORTHANDLER_3DD         1000234d f   dgvoodoo.obj
 0001:00001356       VGAPORTHANDLER_3DE         10002356 f   dgvoodoo.obj
 0001:0000135f       VGAPORTHANDLER_3DF         1000235f f   dgvoodoo.obj
 0001:00000418       $$$00011                   10001418 f   dgvoodoo.obj
 0001:000015d7       $$$00012                   100025d7 f   dgvoodoo.obj
 0001:00001614       $$$00014                   10002614 f   dgvoodoo.obj
 0001:00001698       $$$00016                   10002698 f   dgvoodoo.obj
 0001:000016ff       $$$00018                   100026ff f   dgvoodoo.obj
 0001:0000174f       $$$00020                   1000274f f   dgvoodoo.obj
 0001:0000174f       $$$00021                   1000274f f   dgvoodoo.obj
 0001:00001875       $$$00023                   10002875 f   dgvoodoo.obj
 0001:00001875       $$$00024                   10002875 f   dgvoodoo.obj
 0001:00001893       $$$00026                   10002893 f   dgvoodoo.obj
 0001:00001db2       $$$00027                   10002db2 f   dgvoodoo.obj
 0001:00001e00       $$$00029                   10002e00 f   dgvoodoo.obj
 0001:00001e00       $$$00030                   10002e00 f   dgvoodoo.obj
 0001:00001e00       $$$00031                   10002e00 f   dgvoodoo.obj
 0001:00001e3c       $$$00033                   10002e3c f   dgvoodoo.obj
 0001:00001e3c       $$$00034                   10002e3c f   dgvoodoo.obj
 0001:00001e3c       $$$00035                   10002e3c f   dgvoodoo.obj
 0001:00001ec6       $$$00037                   10002ec6 f   dgvoodoo.obj
 0001:00001ec6       $$$00038                   10002ec6 f   dgvoodoo.obj
 0001:00001899       CLIENTBEGINGLIDE           10002899 f   dgvoodoo.obj
 0001:00001943       CLIENTENDGLIDE             10002943 f   dgvoodoo.obj
 0001:00001985       CLIENTCALLSERVER           10002985 f   dgvoodoo.obj
 0001:0000196d       CLIENTRESTOREFOCUS         1000296d f   dgvoodoo.obj
 0001:00001893       CLIENTGETPLATFORMTYPE      10002893 f   dgvoodoo.obj
 0001:00001abb       SERVERSETFOCUSONVM         10002abb f   dgvoodoo.obj
 0001:000019e3       SERVERREGISTER             100029e3 f   dgvoodoo.obj
 0001:00001a8f       SERVERUNREGISTER           10002a8f f   dgvoodoo.obj
 0001:00001c5c       SERVERRETURNVM             10002c5c f   dgvoodoo.obj
 0001:00001c15       SERVERSETALLFOCUSONSYSVM   10002c15 f   dgvoodoo.obj
 0001:00001b5e       SERVERSETFOCUSONSYSVM      10002b5e f   dgvoodoo.obj
 0001:00001b1d       SERVERSETALLFOCUSONVM      10002b1d f   dgvoodoo.obj
 0001:00001bc6       SERVERRELEASEFOCUSONVM     10002bc6 f   dgvoodoo.obj
 0001:00001b1d       SERVERSETORIGFOCUSONVM     10002b1d f   dgvoodoo.obj
 0001:00001c85       SERVERBLOCKWT              10002c85 f   dgvoodoo.obj
 0001:00001ca8       SERVERWAKEUPWT             10002ca8 f   dgvoodoo.obj
 0001:00000a2d       VESAREGISTERMODE           10001a2d f   dgvoodoo.obj
 0001:00000a6c       VESAREGISTERACTMODE        10001a6c f   dgvoodoo.obj
 0001:00001cc8       SERVERMOUSEEVENTINVM       10002cc8 f   dgvoodoo.obj
 0001:00001d0b       SERVERSUSPENDVM            10002d0b f   dgvoodoo.obj
 0001:00001d44       SERVERRESUMEVM             10002d44 f   dgvoodoo.obj
 0001:000019e0       INITVXDOPEN                100029e0 f   dgvoodoo.obj
 0001:00000580       $$$00039                   10001580 f   dgvoodoo.obj
 0001:0000140d       RESTOREIOTRAPPING          1000240d f   dgvoodoo.obj
 0001:000013c1       ??0058                     100023c1 f   dgvoodoo.obj
 0001:000017cb       SC_SEARCHSTRSEPARATOR      100027cb f   dgvoodoo.obj
 0001:00000d53       SRS_SAVESTATE              10001d53 f   dgvoodoo.obj
 0001:00001056       SGPD_NOT6BITR              10002056 f   dgvoodoo.obj
 0001:000010a4       RVPMI_INVALIDSUBFUNC       100020a4 f   dgvoodoo.obj
 0001:000007ec       SVS_COMPAREMODE            100017ec f   dgvoodoo.obj
 0001:00001a1a       SRVIDEOMEMRESERVED         10002a1a f   dgvoodoo.obj
 0001:00001065       SGPD_END                   10002065 f   dgvoodoo.obj
 0001:00001e30       SHBV_CALLORIGSHBV          10002e30 f   dgvoodoo.obj
 0001:00000884       SERVEROTHERFUNC            10001884 f   dgvoodoo.obj
 0001:000017f7       SC_NOTFOUND_               100027f7 f   dgvoodoo.obj
 0001:00000633       IV_GETCONTROLOFNEXTVGAPORT 10001633 f   dgvoodoo.obj
 0001:00000d80       SRS_RESTORESTATE           10001d80 f   dgvoodoo.obj
 0001:00001fda       _STRCMPNEXT                10002fda f   dgvoodoo.obj
 0001:000010ea       CRPP_DONTPROCESS           100020ea f   dgvoodoo.obj
 0001:00001df9       SHEV_DONTCALLSERVER        10002df9 f   dgvoodoo.obj
 0001:00000a13       GETREALFARPOINTEROEMSTRING 10001a13 f   dgvoodoo.obj
 0001:00000e2d       SGLSLL_GETINFO             10001e2d f   dgvoodoo.obj
 0001:00001cc7       SWUWT_ALREADYAWAKEN        10002cc7 f   dgvoodoo.obj
 0001:00001367       VGAPORTDEFAULTHANDLER_     10002367 f   dgvoodoo.obj
 0001:00000f3d       SGDS_END                   10001f3d f   dgvoodoo.obj
 0001:000008a2       SERVERVS_CALLCONVCALL      100018a2 f   dgvoodoo.obj
 0001:00001d6b       GLIDEDESTROYVM             10002d6b f   dgvoodoo.obj
 0001:00001b03       SSFOVM_NOMOUSEFOCUS        10002b03 f   dgvoodoo.obj
 0001:000015ba       GETFILENAMEBEGIN           100025ba f   dgvoodoo.obj
 0001:00000814       SVS_DONTBOTHERA000         10001814 f   dgvoodoo.obj
 0001:00001061       SGPD_SUCCESS               10002061 f   dgvoodoo.obj
 0001:00000dff       DWC_END                    10001dff f   dgvoodoo.obj
 0001:000016ff       HOTKEYPROC                 100026ff f   dgvoodoo.obj
 0001:000013f4       CALLORIGDISABLE            100023f4 f   dgvoodoo.obj
 0001:00000580       INITVESA                   10001580 f   dgvoodoo.obj
 0001:000014cf       VESACREATEVMINT10STUB      100024cf f   dgvoodoo.obj
 0001:00000ff5       SGPD_BASEADDRESSOK         10001ff5 f   dgvoodoo.obj
 0001:0000186e       SC_REALFAULT               1000286e f   dgvoodoo.obj
 0001:0000088e       SERVERVS_DONTCONVCALL      1000188e f   dgvoodoo.obj
 0001:0000097c       RVBEINFO_NEXTMODETOLIST    1000197c f   dgvoodoo.obj
 0001:00001c12       SSFOSVM_END                10002c12 f   dgvoodoo.obj
 0001:00001ec2       SHFKI_SCROLLLOCKRELEASED   10002ec2 f   dgvoodoo.obj
 0001:0000141c       DISABLEVESAIOTRAPPINGNEXT  1000241c f   dgvoodoo.obj
 0001:00000b4e       RVBE_WINDOWEDMODE          10001b4e f   dgvoodoo.obj
 0001:00000b2e       RVBE_FULLSCREENMODE        10001b2e f   dgvoodoo.obj
 0001:000019bd       CCS_END                    100029bd f   dgvoodoo.obj
 0001:00001c12       SSFOSVM_NOMOUSEFOCUS_      10002c12 f   dgvoodoo.obj
 0001:00001f26       _FREEMEM                   10002f26 f   dgvoodoo.obj
 0001:00001799       SC_UNREGISTERMODULE        10002799 f   dgvoodoo.obj
 0001:00000bb7       RVBESEARCHINMODELIST       10001bb7 f   dgvoodoo.obj
 0001:000019cd       GSSNEXTFUNC                100029cd f   dgvoodoo.obj
 0001:00001249       VPH3C9_NOTNEXTENTRYR       10002249 f   dgvoodoo.obj
 0001:00000bcf       RVBESIML_END               10001bcf f   dgvoodoo.obj
 0001:0000066f       NOVESASUPPORT              1000166f f   dgvoodoo.obj
 0001:00000f74       SGDPF_GETDACPALFORMAT      10001f74 f   dgvoodoo.obj
 0001:00000cee       TEMPVESAOK                 10001cee f   dgvoodoo.obj
 0001:00001338       VPH3DA_INTS_OK             10002338 f   dgvoodoo.obj
 0001:00001022       SGPD_NOT6BITW              10002022 f   dgvoodoo.obj
 0001:00000a66       VRM_NOMOREITEM             10001a66 f   dgvoodoo.obj
 0001:00001edc       KBDCALLFUNC                10002edc f   dgvoodoo.obj
 0001:000007cf       SVS_STUDYCALL              100017cf f   dgvoodoo.obj
 0001:00000e69       SGLSLL_SETSLBYBYTES        10001e69 f   dgvoodoo.obj
 0001:00001d7a       GLIDEUNREGCLIENTBYCRASH    10002d7a f   dgvoodoo.obj
 0001:0000196a       CEGNOTSAMEVM               1000296a f   dgvoodoo.obj
 0001:00000a67       VRM_NEXTITEM               10001a67 f   dgvoodoo.obj
 0001:00000b14       RVBEMINFO_NOT256C          10001b14 f   dgvoodoo.obj
 0001:00001366       VGAPORTDEFAULTHANDLER      10002366 f   dgvoodoo.obj
 0001:000008c4       SERVERVS_ALREADYREG        100018c4 f   dgvoodoo.obj
 0001:000010d0       CHECKTOPROCESSPORT         100020d0 f   dgvoodoo.obj
 0001:000015d6       CANTFINDNAME               100025d6 f   dgvoodoo.obj
 0001:00001562       VHBA_END                   10002562 f   dgvoodoo.obj
 0001:00000c1b       SVBEM_VBETOVBE             10001c1b f   dgvoodoo.obj
 0001:00001387       DOPORTLOG                  10002387 f   dgvoodoo.obj
 0001:000017dd       SC_SRCFOUND_               100027dd f   dgvoodoo.obj
 0001:0000097f       RVBEINFO_NEXTMODETOLISTSKIP 1000197f f   dgvoodoo.obj
 0001:00000742       DV_THROWCONTROLOFNEXTVGAPORT 10001742 f   dgvoodoo.obj
 0001:00001840       SC_INITNOTFOUND            10002840 f   dgvoodoo.obj
 0001:00001f65       _CSNODATATOFLUSH           10002f65 f   dgvoodoo.obj
 0001:00001e8f       SHFKI_CHECKFORGRABBING     10002e8f f   dgvoodoo.obj
 0001:0000091c       VDVM_END                   1000191c f   dgvoodoo.obj
 0001:00000cee       SVBM_NOA000MAPPING         10001cee f   dgvoodoo.obj
 0001:000010b4       _CALLREG                   100020b4 f   dgvoodoo.obj
 0001:0000179e       SC_REGISTERMODULE          1000279e f   dgvoodoo.obj
 0001:00001614       INITCOMMAREA               10002614 f   dgvoodoo.obj
 0001:00001e22       SHBV_DONTINITVM            10002e22 f   dgvoodoo.obj
 0001:00000ef3       SGDS_SETDISPSTART          10001ef3 f   dgvoodoo.obj
 0001:000008dd       VESATESTVMSUPPORT          100018dd f   dgvoodoo.obj
 0001:00001a8c       SRDONE_                    10002a8c f   dgvoodoo.obj
 0001:00001db2       ??0100                     10002db2 f   dgvoodoo.obj
 0001:000017f2       SC_NAMEOK                  100027f2 f   dgvoodoo.obj
 0001:000009df       RVBECINFO_VESA2REQUIRED    100019df f   dgvoodoo.obj
 0001:00001585       VESAGETPROGNAME            10002585 f   dgvoodoo.obj
 0001:00000b7b       RVBE_PIXELFORMATGOT        10001b7b f   dgvoodoo.obj
 0001:00000fee       SGPD_INVIRTUALMODE         10001fee f   dgvoodoo.obj
 0001:000019c4       GLIDESERVERSUPP            100029c4 f   dgvoodoo.obj
 0001:000006e6       INITVESASUCCEED            100016e6 f   dgvoodoo.obj
 0001:0000115f       VPH3C7_OUTPUT              1000215f f   dgvoodoo.obj
 0001:00000671       INITVESAFAILED             10001671 f   dgvoodoo.obj
 0001:000013ba       CALLORIGENABLE             100023ba f   dgvoodoo.obj
 0001:00000f81       SGDPF_END                  10001f81 f   dgvoodoo.obj
 0001:00001e3c       ??010A                     10002e3c f   dgvoodoo.obj
 0001:00001a7c       SRHOOKKBD                  10002a7c f   dgvoodoo.obj
 0001:000015cd       NAMEFOUND                  100025cd f   dgvoodoo.obj
 0001:00001868       SC_EXIT                    10002868 f   dgvoodoo.obj
 0001:000017c0       SC_SEARCHSTRNULL           100027c0 f   dgvoodoo.obj
 0001:00000e51       SGLSLL_SETSLBYPIXELS       10001e51 f   dgvoodoo.obj
 0001:00000b6c       RVBEMINFO_NOT64KMODE       10001b6c f   dgvoodoo.obj
 0001:00000b7b       RVBEMINFO_NOT16MMODE       10001b7b f   dgvoodoo.obj
 0001:00001456       GETVDDVIDEOMEMMAPPING      10002456 f   dgvoodoo.obj
 0001:00001f24       _GETMEMFAILED              10002f24 f   dgvoodoo.obj
 0001:00001d8c       GLIDEUNREGCLIENTBYCRASHZEROONLY 10002d8c f   dgvoodoo.obj
 0001:000015ba       GETFILENAME                100025ba f   dgvoodoo.obj
 0001:00000734       DV_VIDEOMEMORYSTATIC       10001734 f   dgvoodoo.obj
 0001:00000627       IV_VIDEOMEMORYSTATIC       10001627 f   dgvoodoo.obj
 0001:00001206       VPH3C9_NOTNEXTENTRYW       10002206 f   dgvoodoo.obj
 0001:00001038       SGPD_GETPAL                10002038 f   dgvoodoo.obj
 0001:000019dd       GSSUNSUPPFUNC              100029dd f   dgvoodoo.obj
 0001:00000a0c       RVBECINFO_OK               10001a0c f   dgvoodoo.obj
 0001:00001549       VESAHOOKBEGINAPP           10002549 f   dgvoodoo.obj
 0001:00001d6a       SRVM_NOSERVEDVM            10002d6a f   dgvoodoo.obj
 0001:00001d2b       SSVM_NOSERVEDVM            10002d2b f   dgvoodoo.obj
 0001:0000146e       SETVDDVIDEOMEMMAPPING      1000246e f   dgvoodoo.obj
 0001:00000779       DESTROYVESAFAILED          10001779 f   dgvoodoo.obj
 0001:0000120e       VPH3C9_INPUT               1000220e f   dgvoodoo.obj
 0001:00000a36       VRM_COMPARE                10001a36 f   dgvoodoo.obj
 0001:000008ce       SERVERVSEND                100018ce f   dgvoodoo.obj
 0001:00001193       VPH3C8_OUTPUT              10002193 f   dgvoodoo.obj
 0001:00001239       VPH3C9RAMDACOKR            10002239 f   dgvoodoo.obj
 0001:00000cf6       UNSETVBEMODE               10001cf6 f   dgvoodoo.obj
 0001:00000678       INITVIDEOMEMORYSTATIC      10001678 f   dgvoodoo.obj
 0001:00001400       ENABLEVESAIOTRAPPINGNEXT   10002400 f   dgvoodoo.obj
 0001:00001da3       GLIDEDESTROYTHREAD         10002da3 f   dgvoodoo.obj
 0001:00001429       MAPVIDEOMEMINTOA000        10002429 f   dgvoodoo.obj
 0001:00000bb2       RVBEMINFO_END              10001bb2 f   dgvoodoo.obj
 0001:000008db       SVS_NOTSERVED_             100018db f   dgvoodoo.obj
 0001:00001ba8       SSFOSVM_NOMOUSEFOCUS       10002ba8 f   dgvoodoo.obj
 0001:00001fed       _STRCMPEND                 10002fed f   dgvoodoo.obj
 0001:000009b4       RVBEINFO_SUPPMODELISTEND   100019b4 f   dgvoodoo.obj
 0001:000010cf       NEMKELL                    100020cf f   dgvoodoo.obj
 0001:00001f33       _CALLSERVERPROC            10002f33 f   dgvoodoo.obj
 0001:00000e95       SGLSLL_GETPIXPERSL         10001e95 f   dgvoodoo.obj
 0001:00000777       DESTROYVESAEND             10001777 f   dgvoodoo.obj
 0001:000013fb       ENABLEVESAIOTRAPPING       100023fb f   dgvoodoo.obj
 0001:00000dc4       SRS_END                    10001dc4 f   dgvoodoo.obj
 0001:000006e8       DESTROYVESA                100016e8 f   dgvoodoo.obj
 0001:00000cad       SVBM_DONTCLEARVIDEOMEM     10001cad f   dgvoodoo.obj
 0001:00000e35       SGLSLL_GETMAXSCANLINELENGTH 10001e35 f   dgvoodoo.obj
 0001:00001891       GPMAPIUNSUPPFUNC           10002891 f   dgvoodoo.obj
 0001:00000dc0       SRS_DONTRESTOREDAC         10001dc0 f   dgvoodoo.obj
 0001:00001863       SC_DISPATCHCALL            10002863 f   dgvoodoo.obj
 0001:00001d78       GDVMDONE                   10002d78 f   dgvoodoo.obj
 0001:00001ddd       SHEV_DONTCALLSERVERUNREG   10002ddd f   dgvoodoo.obj
 0001:00001bc3       SSFSVMNOVM                 10002bc3 f   dgvoodoo.obj
 0001:00001c59       SSAFSVMNOVM                10002c59 f   dgvoodoo.obj
 0001:00001927       CBGINCREF                  10002927 f   dgvoodoo.obj
 0001:00001ec4       SHFKI_NOREGISTEREDVM       10002ec4 f   dgvoodoo.obj
 0001:00000bd5       SETVBEMODE_                10001bd5 f   dgvoodoo.obj
 0001:00001927       CBGINFULLSCR               10002927 f   dgvoodoo.obj
 0001:00001846       SC_NOTFOUND                10002846 f   dgvoodoo.obj
 0001:00001171       VPH3C7_END                 10002171 f   dgvoodoo.obj
 0001:000014af       SVMM_GO                    100024af f   dgvoodoo.obj
 0001:00001387       ??0055                     10002387 f   dgvoodoo.obj
 0001:000011a5       VPH3C8_END                 100021a5 f   dgvoodoo.obj
 0001:000006c9       INITVESAFAILEDSTATIC       100016c9 f   dgvoodoo.obj
 0001:0000124f       VPH3C9_END                 1000224f f   dgvoodoo.obj
 0001:00001b1a       SSFVMNOVM                  10002b1a f   dgvoodoo.obj
 0001:00000eab       SGLSLL_END                 10001eab f   dgvoodoo.obj
 0001:000008fd       VESADESTROYVM              100018fd f   dgvoodoo.obj
 0001:00000953       RVBECINFO_DONTZERO         10001953 f   dgvoodoo.obj
 0001:00000f7a       SGDPF_RETDACSIZE           10001f7a f   dgvoodoo.obj
 0001:00000ded       DWC_GETMEMORYWINDOW        10001ded f   dgvoodoo.obj
 0001:00000f6a       SGDPF_DONTROUNDTO6BITS     10001f6a f   dgvoodoo.obj
 0001:00001563       VESAHOOKENDAPP             10002563 f   dgvoodoo.obj
 0001:000008bd       SERVERVS_REGIFNEEDED       100018bd f   dgvoodoo.obj
 0001:00000bbd       RVBEMINFO_SEARCHMODEINLIST 10001bbd f   dgvoodoo.obj
 0001:0000174f       ??0096                     1000274f f   dgvoodoo.obj
 0001:00001ee5       _GETMEM                    10002ee5 f   dgvoodoo.obj
 0001:00001ab0       SURDONE_                   10002ab0 f   dgvoodoo.obj
 0001:00001a70       SRCHECKGRABBING            10002a70 f   dgvoodoo.obj
 0001:00001fa8       _GETDOSPROGPSP             10002fa8 f   dgvoodoo.obj
 0001:0000077b       DESTROYVIDEOMEMORYSTATIC   1000177b f   dgvoodoo.obj
 0001:000014d7       VESAPLACEVMSTUBINTOVM      100024d7 f   dgvoodoo.obj
 0001:00001038       SGPD_GETNEXTPALENTRY       10002038 f   dgvoodoo.obj
 0001:0000100f       SGPD_SETNEXTPALENTRY       1000200f f   dgvoodoo.obj
 0001:00000a1f       GETREALFARPOINTER          10001a1f f   dgvoodoo.obj
 0001:00001584       VHEA_END                   10002584 f   dgvoodoo.obj
 0001:00001942       CBGALREADYBEGUN            10002942 f   dgvoodoo.obj
 0001:0000187f       GPMAPINEXTFUNC             1000287f f   dgvoodoo.obj
 0001:000017dc       SC_SRCFOUND                100027dc f   dgvoodoo.obj
 0001:00000dac       SRS_DONTRESTOREHARDWARE    10001dac f   dgvoodoo.obj
 0001:00001382       VGAPORTORIGHANDLER         10002382 f   dgvoodoo.obj
 0001:00001e00       ??0107                     10002e00 f   dgvoodoo.obj
 0001:00000884       SOF_NOTSTANDARDBIOSGETMODE 10001884 f   dgvoodoo.obj
 0001:00001fd1       _STRCMP                    10002fd1 f   dgvoodoo.obj
 0001:00000856       SOF_NOTSTANDARDBIOSSETMODE 10001856 f   dgvoodoo.obj
 0001:000018ec       CBGNOTNEWCLIENT            100028ec f   dgvoodoo.obj
 0001:000015a2       SEARCHPROGNAME             100025a2 f   dgvoodoo.obj
 0001:00001855       SC_DLLNOTFOUND             10002855 f   dgvoodoo.obj
 0001:00001476       SVVMM_NEXTVDDPAGE          10002476 f   dgvoodoo.obj
 0001:000011d8       VPH3C9RAMDACOKW            100021d8 f   dgvoodoo.obj
 0001:000008da       SVS_NOTSERVED              100018da f   dgvoodoo.obj
